// Jest Snapshot v1, https://goo.gl/fbAQLP

exports[`renders correctly 1`] = `
<div
  className="wrapper"
>
  <div
    className="container"
  >
    <div
      className="content"
    >
      <div
        className="column_container"
      >
        <div
          className="title"
        >
          Active
        </div>
        <div
          className="column_content"
        />
      </div>
      <div
        className="column_container"
      >
        <div
          className="title"
        >
          Upcoming
        </div>
        <div
          className="column_content"
        />
      </div>
      <div
        className="column_container"
      >
        <div
          className="title"
        >
          Ended
        </div>
        <div
          className="column_content"
        />
      </div>
    </div>
    <div
      className="footer_container"
    >
      <div
        className="footer_row"
      >
        <div
          className="footer_content"
        >
          <div
            className="footer_title"
          >
            Name Company
          </div>
          <div
            className="footer_description"
          >
            ICO Drops is an independent ICO (Token Sale) database and is not affiliated with any ICO project or company. Our Interest Level does not constitute financial or investment advice.
          </div>
          <div
            className="footer_copyright"
          >
            © 2021 ICO Drops.
          </div>
        </div>
        <div
          className="footer_columnInfo"
        >
          <a
            href="#"
          >
            Active ICO
          </a>
          <a
            href="#"
          >
            Upcoming ICO
          </a>
          <a
            href="#"
          >
            Ended ICO
          </a>
          <a
            href="#"
          >
            Bounty List
          </a>
          <a
            href="#"
          >
            SandBox 
          </a>
        </div>
        <div
          className="footer_companyInfo"
        >
          <a
            href="#"
          >
            Dropstab
          </a>
          <a
            href="#"
          >
            Dropsearn
          </a>
          <a
            href="#"
          >
            Portfolio
          </a>
          <a
            href="#"
          >
            Ico calendar
          </a>
        </div>
        <div
          className="footer_mediaLink"
        >
          <a
            href="#"
          >
            Email
          </a>
          <a
            href="#"
          >
            Twitter
          </a>
          <a
            href="#"
          >
            Telegram
          </a>
          <a
            href="#"
          >
            Instagram
          </a>
        </div>
      </div>
    </div>
  </div>
</div>
`;
